// Jest Snapshot v1, https://goo.gl/fbAQLP

exports[`renders demo correctly 1`] = `
<div>
  <div>
    <div class="demo-uploader-container">
      <div class="h5-uploader"><i class="h5-icon h5-icon-photograph">
          <!----></i><input type="file" accept="image/*" class="h5-uploader__input"></div>
    </div>
  </div>
  <div>
    <div class="demo-uploader-container">
      <div class="h5-uploader"><i class="h5-icon h5-icon-photograph">
          <!----></i><input multiple="multiple" type="file" accept="image/gif, image/jpeg" class="h5-uploader__input"></div>
    </div>
  </div>
</div>
`;
