// Jest Snapshot v1, https://goo.gl/fbAQLP

exports[`renders demo correctly 1`] = `
<div>
  <div>
    <div class="demo-button-row"><button class="h5-button h5-button--primary h5-button--normal"><span class="h5-button__text">主要按钮</span></button> <button class="h5-button h5-button--danger h5-button--normal"><span class="h5-button__text">危险按钮</span></button></div> <button class="h5-button h5-button--default h5-button--normal"><span class="h5-button__text">默认按钮</span></button> <button class="h5-button h5-button--warning h5-button--normal"><span class="h5-button__text">警告按钮</span></button>
  </div>
  <div><button class="h5-button h5-button--primary h5-button--normal h5-button--plain"><span class="h5-button__text">朴素按钮</span></button> <button class="h5-button h5-button--danger h5-button--normal h5-button--plain"><span class="h5-button__text">朴素按钮</span></button></div>
  <div><button disabled="disabled" class="h5-button h5-button--primary h5-button--normal h5-button--disabled"><span class="h5-button__text">禁用状态</span></button> <button disabled="disabled" class="h5-button h5-button--danger h5-button--normal h5-button--disabled"><span class="h5-button__text">禁用状态</span></button></div>
  <div><button class="h5-button h5-button--primary h5-button--normal h5-button--loading">
      <div class="h5-loading h5-loading--circular h5-loading" style="color:;width:20px;height:20px;"><span class="h5-loading__spinner h5-loading__spinner--circular"><svg viewBox="25 25 50 50" class="h5-loading__circular"><circle cx="50" cy="50" r="20" fill="none"></circle></svg></span></div>
    </button> <button class="h5-button h5-button--danger h5-button--normal h5-button--loading">
      <div class="h5-loading h5-loading--circular h5-loading" style="color:;width:20px;height:20px;"><span class="h5-loading__spinner h5-loading__spinner--circular"><svg viewBox="25 25 50 50" class="h5-loading__circular"><circle cx="50" cy="50" r="20" fill="none"></circle></svg></span></div><span class="h5-button__loading-text">加载中...</span>
    </button></div>
  <div><button class="h5-button h5-button--primary h5-button--normal h5-button--square"><span class="h5-button__text">方形按钮</span></button> <button class="h5-button h5-button--danger h5-button--normal h5-button--round"><span class="h5-button__text">圆形按钮</span></button></div>
  <div><button class="h5-button h5-button--default h5-button--large"><span class="h5-button__text">大号按钮</span></button> <button class="h5-button h5-button--default h5-button--normal"><span class="h5-button__text">普通按钮</span></button> <button class="h5-button h5-button--default h5-button--small"><span class="h5-button__text">小型按钮</span></button> <button class="h5-button h5-button--default h5-button--mini"><span class="h5-button__text">迷你按钮</span></button></div>
</div>
`;
